#=======================================================
# VOLTAGE MONITOR BLOCK (READ)
#=======================================================
record	ai
name	KLYS:$(AREA):$(LOCATION):MK_P24_RAW
operation	read 
task	0x62
address	0
size	1
DESC	24V Raw Reading
DTYP	asynInt32
SCAN	$(SCAN)
INP	@asyn($(PORT) $(CHANNEL) $(TIMEOUT))MK_P24_RAW
EGU	counts
FLNK	KLYS:$(AREA):$(LOCATION):MK_P24
PRIO	LOW
#-------------------------------------------------------
record	calc
operation	record
name	KLYS:$(AREA):$(LOCATION):MK_P24
DESC	MKSU 24V Reading
INPA	KLYS:$(AREA):$(LOCATION):MK_P24_RAW
EGU	V
CALC	A * 0.213
PRIO	LOW
#-------------------------------------------------------
record	ai
name	KLYS:$(AREA):$(LOCATION):MK_P15_RAW
operation	read 
task	0x62
address	1
size	1
DESC	15V Raw Reading
DTYP	asynInt32
SCAN	$(SCAN)
INP	@asyn($(PORT) $(CHANNEL) $(TIMEOUT))MK_P15_RAW
EGU	counts
FLNK	KLYS:$(AREA):$(LOCATION):MK_P15
PRIO	LOW
#-------------------------------------------------------
record	calc
operation	record
name	KLYS:$(AREA):$(LOCATION):MK_P15
DESC	MKSU 15V Reading
INPA	KLYS:$(AREA):$(LOCATION):MK_P15_RAW
EGU	V
CALC	A * 0.133
PRIO	LOW
#-------------------------------------------------------
record	ai
name	KLYS:$(AREA):$(LOCATION):MK_P5_RAW
operation	read 
task	0x62
address	2
size	1
DESC	5V Raw Reading
DTYP	asynInt32
SCAN	$(SCAN)
INP	@asyn($(PORT) $(CHANNEL) $(TIMEOUT))MK_P5_RAW
EGU	counts
FLNK	KLYS:$(AREA):$(LOCATION):MK_P5
PRIO	LOW
#-------------------------------------------------------
record	calc
operation	record
name	KLYS:$(AREA):$(LOCATION):MK_P5
DESC	MKSU 5V Reading
INPA	KLYS:$(AREA):$(LOCATION):MK_P5_RAW
EGU	V
CALC	A * 0.477
PRIO	LOW
#-------------------------------------------------------
record	ai
name	KLYS:$(AREA):$(LOCATION):MK_P3D3_RAW
operation	read 
task	0x62
address	3
size	1
DESC	3.3V Raw Reading
DTYP	asynInt32
SCAN	$(SCAN)
INP	@asyn($(PORT) $(CHANNEL) $(TIMEOUT))MK_P3D3_RAW
EGU	counts
FLNK	KLYS:$(AREA):$(LOCATION):MK_P3D3
PRIO	LOW
#-------------------------------------------------------
record	calc
operation	record
name	KLYS:$(AREA):$(LOCATION):MK_P3D3
DESC	MKSU 3.3V Reading
INPA	KLYS:$(AREA):$(LOCATION):MK_P3D3_RAW
EGU	V
CALC	A * 0.00313
PRIO	LOW
#-------------------------------------------------------
record	ai
name	KLYS:$(AREA):$(LOCATION):MK_P2D5_RAW
operation	read 
task	0x62
address	4
size	1
DESC	2.5V Raw Reading
DTYP	asynInt32
SCAN	$(SCAN)
INP	@asyn($(PORT) $(CHANNEL) $(TIMEOUT))MK_P2D5_RAW
EGU	counts
FLNK	KLYS:$(AREA):$(LOCATION):MK_P2D5
PRIO	LOW
#-------------------------------------------------------
record	calc
operation	record
name	KLYS:$(AREA):$(LOCATION):MK_P2D5
DESC	MKSU 2.5V Reading
INPA	KLYS:$(AREA):$(LOCATION):MK_P2D5_RAW
EGU	V
CALC	A * 0.00237
PRIO	LOW
#-------------------------------------------------------
record	ai
name	KLYS:$(AREA):$(LOCATION):MK_N5_RAW
operation	read 
task	0x62
address	5
size	1
DESC	-5V Raw Reading
DTYP	asynInt32
SCAN	$(SCAN)
INP	@asyn($(PORT) $(CHANNEL) $(TIMEOUT))MK_N5_RAW
EGU	counts
FLNK	KLYS:$(AREA):$(LOCATION):MK_N5
PRIO	LOW
#-------------------------------------------------------
record	calc
operation	record
name	KLYS:$(AREA):$(LOCATION):MK_N5
DESC	MKSU -5V Reading
INPA	KLYS:$(AREA):$(LOCATION):MK_N5_RAW
EGU	V
CALC	A * -0.00511
PRIO	LOW
#-------------------------------------------------------
record	ai
name	KLYS:$(AREA):$(LOCATION):MK_N15_RAW
operation	read 
task	0x62
address	6
size	1
DESC	-15V Raw Reading
DTYP	asynInt32
SCAN	$(SCAN)
INP	@asyn($(PORT) $(CHANNEL) $(TIMEOUT))MK_N15_RAW
EGU	counts
FLNK	KLYS:$(AREA):$(LOCATION):MK_N15
PRIO	LOW
#-------------------------------------------------------
record	calc
operation	record
name	KLYS:$(AREA):$(LOCATION):MK_N15
DESC	MKSU -15V Reading
INPA	KLYS:$(AREA):$(LOCATION):MK_N15_RAW
EGU	V
CALC	A * -0.0158
PRIO	LOW
#-------------------------------------------------------
record	ai
name	KLYS:$(AREA):$(LOCATION):MK_N24_RAW
operation	read 
task	0x62
address	7
size	1
DESC	-24V Raw Reading
DTYP	asynInt32
SCAN	$(SCAN)
INP	@asyn($(PORT) $(CHANNEL) $(TIMEOUT))MK_N24_RAW
EGU	counts
FLNK	KLYS:$(AREA):$(LOCATION):MK_N24
PRIO	LOW
#-------------------------------------------------------
record	calc
operation	record
name	KLYS:$(AREA):$(LOCATION):MK_N24
DESC	MKSU -24V Reading
INPA	KLYS:$(AREA):$(LOCATION):MK_N24_RAW
EGU	V
CALC	A * -0.0257
PRIO	LOW
#-------------------------------------------------------
