#=======================================================
# Please add a comment line between registers
# Current script can't deal with empty lines, sorry
#=======================================================
#
# CONTROL BLOCK (WRITE)
#
# The desired bits are written to the IOC using the bo
# records, which FLNK to calc records used to shift
# the bit to its correct place. The result is used
# to actualy write out using the ao (asyn) record.
#
# All the ao (asyn) records for a given register
# appears one time for each bit, e.g. STATUS_FADC_SET
# and STATUS_CLCKDL_SET.
#
#=======================================================
# Status Register (BEGIN)
#-------------------------------------------------------
# FADC_CLR: FAST ADC Data Clock PLL Not Locked Latch
#-------------------------------------------------------
record	bo
name	KLYS:$(AREA):$(LOCATION):FADC_CLR
operation	record
DESC	Clear FADC Latch
FLNK	KLYS:$(AREA):$(LOCATION):FADC_CLR_MASK
PRIO	LOW
#-------------------------------------------------------
record	calc
operation	record
name	KLYS:$(AREA):$(LOCATION):FADC_CLR_MASK
DESC	Clear FADC Latch
INPA	KLYS:$(AREA):$(LOCATION):FADC_CLR
CALC	A << 10
FLNK	KLYS:$(AREA):$(LOCATION):STATUS_FADC_SET
PRIO	LOW
#-------------------------------------------------------
record	ao
name	KLYS:$(AREA):$(LOCATION):STATUS_FADC_SET
operation	write
task	0x01
address	0
size	1
DESC	MKSU Status (write)
DTYP	asynInt32
OUT	@asyn($(PORT) $(CHANNEL) $(TIMEOUT))STATUS_FADC_SET
DOL	KLYS:$(AREA):$(LOCATION):FADC_CLR_MASK
OMSL	closed_loop
PRIO	LOW
#-------------------------------------------------------
# CLCKDL_CLR: Sys Clock PLL Not Locked Latch
#-------------------------------------------------------
record	bo
name	KLYS:$(AREA):$(LOCATION):CLCKDL_CLR
operation	record
DESC	Clear Clck PLL Latch
FLNK	KLYS:$(AREA):$(LOCATION):CLCKDL_CLR_MASK
PRIO	LOW
#-------------------------------------------------------
record	calc
operation	record
name	KLYS:$(AREA):$(LOCATION):CLCKDL_CLR_MASK
DESC	Clear FADC Latch
INPA	KLYS:$(AREA):$(LOCATION):CLCKDL_CLR
CALC	A << 11
FLNK	KLYS:$(AREA):$(LOCATION):STATUS_CLCKDL_SET
PRIO	LOW
#-------------------------------------------------------
record	ao
name	KLYS:$(AREA):$(LOCATION):STATUS_CLCKDL_SET
operation	write
task	0x01
address	0
size	1
DESC	MKSU Status (write)
DTYP	asynInt32
OUT	@asyn($(PORT) $(CHANNEL) $(TIMEOUT))STATUS_CLCKDL_SET
DOL	KLYS:$(AREA):$(LOCATION):CLCKDL_CLR_MASK
OMSL	closed_loop
PRIO	LOW
#-------------------------------------------------------
# Status Register (END)
#-------------------------------------------------------
# Control Set Register (BEGIN)
#-------------------------------------------------------
# PERMIT_SET: Set the PERMIT bit (Bit 0)
#-------------------------------------------------------
record	bo
name	KLYS:$(AREA):$(LOCATION):PERMIT_SET
operation	record
DESC	Permit set
FLNK	KLYS:$(AREA):$(LOCATION):PERMIT_SET_MASK
PRIO	LOW
#-------------------------------------------------------
record	calc
operation	record
name	KLYS:$(AREA):$(LOCATION):PERMIT_SET_MASK
DESC	Clear FADC Latch
INPA	KLYS:$(AREA):$(LOCATION):PERMIT_SET
CALC	A
FLNK	KLYS:$(AREA):$(LOCATION):CTRL_PERMIT_SET
PRIO	LOW
#-------------------------------------------------------
record	ao
name	KLYS:$(AREA):$(LOCATION):CTRL_PERMIT_SET
operation	write
task	0x01
address	1
size	1
DESC	MKSU Control (write)
DTYP	asynInt32
OUT	@asyn($(PORT) $(CHANNEL) $(TIMEOUT))CTRL_PERMIT_SET
DOL	KLYS:$(AREA):$(LOCATION):PERMIT_SET_MASK
OMSL	closed_loop
PRIO	LOW
#-------------------------------------------------------
# TREN_SET: Set Trigger Enable bit (Bit 1)
#-------------------------------------------------------
record	bo
name	KLYS:$(AREA):$(LOCATION):TREN_SET
operation	record
DESC	Trigger Enable (Set)
FLNK	KLYS:$(AREA):$(LOCATION):TREN_SET_MASK
#-------------------------------------------------------
record	calc
operation	record
name	KLYS:$(AREA):$(LOCATION):TREN_SET_MASK
DESC	Triggen Enable (Set)
INPA	KLYS:$(AREA):$(LOCATION):TREN_SET
CALC	A << 1
FLNK	KLYS:$(AREA):$(LOCATION):CTRL_TREN_SET
PRIO	LOW
#-------------------------------------------------------
record	ao
name	KLYS:$(AREA):$(LOCATION):CTRL_TREN_SET
operation	write
task	0x01
address	1
size	1
DESC	MKSU Control (write)
DTYP	asynInt32
OUT	@asyn($(PORT) $(CHANNEL) $(TIMEOUT))CTRL_TREN_SET
DOL	KLYS:$(AREA):$(LOCATION):TREN_SET_MASK
OMSL	closed_loop
PRIO	LOW
#-------------------------------------------------------
# CFGD_SET: Configured bit (Bit 2)
#-------------------------------------------------------
record	bo
name	KLYS:$(AREA):$(LOCATION):CFGD_SET
operation	record
DESC	Configured (Set)
FLNK	KLYS:$(AREA):$(LOCATION):CFGD_SET_MASK
PRIO	LOW
#-------------------------------------------------------
record	calc
operation	record
name	KLYS:$(AREA):$(LOCATION):CFGD_SET_MASK
DESC	Configured (Set)
INPA	KLYS:$(AREA):$(LOCATION):CFGD_SET
CALC	A << 2
FLNK	KLYS:$(AREA):$(LOCATION):CTRL_CFGD_SET
PRIO	LOW
#-------------------------------------------------------
record	ao
name	KLYS:$(AREA):$(LOCATION):CTRL_CFGD_SET
operation	write
task	0x01
address	1
size	1
DESC	MKSU Control (write)
DTYP	asynInt32
OUT	@asyn($(PORT) $(CHANNEL) $(TIMEOUT))CTRL_CFGD_SET
DOL	KLYS:$(AREA):$(LOCATION):CFGD_SET_MASK
OMSL	closed_loop
PRIO	LOW
#-------------------------------------------------------
# WFTR_SET: Arm Waveform Trigger bit (Bit 3)
#-------------------------------------------------------
record	bo
name	KLYS:$(AREA):$(LOCATION):WFTR_SET
operation	record
DESC	Arm Waveform Trig (Set)
FLNK	KLYS:$(AREA):$(LOCATION):WFTR_SET_MASK
PRIO	LOW
#-------------------------------------------------------
record	calc
operation	record
name	KLYS:$(AREA):$(LOCATION):WFTR_SET_MASK
DESC	Arm Waveform Trig (Set)
INPA	KLYS:$(AREA):$(LOCATION):WFTR_SET
CALC	A << 3
FLNK	KLYS:$(AREA):$(LOCATION):CTRL_WFTR_SET
PRIO	LOW
#-------------------------------------------------------
record	ao
name	KLYS:$(AREA):$(LOCATION):CTRL_WFTR_SET
operation	write
task	0x01
address	1
size	1
DESC	MKSU Control (write)
DTYP	asynInt32
OUT	@asyn($(PORT) $(CHANNEL) $(TIMEOUT))CTRL_WFTR_SET
DOL	KLYS:$(AREA):$(LOCATION):WFTR_SET_MASK
OMSL	closed_loop
PRIO	LOW
#-------------------------------------------------------
# AVTR_SET: Arm Average Trigger bit (Bit 4)
#-------------------------------------------------------
record	bo
name	KLYS:$(AREA):$(LOCATION):AVTR_SET
operation	record
DESC	Arm Average Trig (Set)
FLNK	KLYS:$(AREA):$(LOCATION):AVTR_SET_MASK
PRIO	LOW
#-------------------------------------------------------
record	calc
operation	record
name	KLYS:$(AREA):$(LOCATION):AVTR_SET_MASK
DESC	Arm Average Trig (Set)
INPA	KLYS:$(AREA):$(LOCATION):AVTR_SET
CALC	A << 4
FLNK	KLYS:$(AREA):$(LOCATION):CTRL_AVTR_SET
PRIO	LOW
#-------------------------------------------------------
record	ao
name	KLYS:$(AREA):$(LOCATION):CTRL_AVTR_SET
operation	write
task	0x01
address	1
size	1
DESC	MKSU Control (write)
DTYP	asynInt32
OUT	@asyn($(PORT) $(CHANNEL) $(TIMEOUT))CTRL_AVTR_SET
DOL	KLYS:$(AREA):$(LOCATION):AVTR_SET_MASK
OMSL	closed_loop
PRIO	LOW
#-------------------------------------------------------
# SELFTRIG_SET: Self Trigger Set bit (Bit 5)
#-------------------------------------------------------
record	bo
name	KLYS:$(AREA):$(LOCATION):SELFTRIG_SET
operation	record
DESC	Self Trigger (Set)
FLNK	KLYS:$(AREA):$(LOCATION):SELFTRIG_SET_MASK
PRIO	LOW
#-------------------------------------------------------
record	calc
operation	record
name	KLYS:$(AREA):$(LOCATION):SELFTRIG_SET_MASK
DESC	Self Trigger (Set)
INPA	KLYS:$(AREA):$(LOCATION):SELFTRIG_SET
CALC	A << 5
FLNK	KLYS:$(AREA):$(LOCATION):CTRL_SELFTRIG_SET
PRIO	LOW
#-------------------------------------------------------
record	ao
name	KLYS:$(AREA):$(LOCATION):CTRL_SELFTRIG_SET
operation	write
task	0x01
address	1
size	1
DESC	MKSU Control (write)
DTYP	asynInt32
OUT	@asyn($(PORT) $(CHANNEL) $(TIMEOUT))CTRL_SELFTRIG_SET
DOL	KLYS:$(AREA):$(LOCATION):SELFTRIG_SET_MASK
OMSL	closed_loop
PRIO	LOW
#-------------------------------------------------------
# ACCLSEL_SET: Acclerate Select Set bit (Bit 6)
#-------------------------------------------------------
record	bo
name	KLYS:$(AREA):$(LOCATION):ACCLSEL_SET
operation	record
DESC	Acclerate Select (Set)
FLNK	KLYS:$(AREA):$(LOCATION):ACCLSEL_SET_MASK
PRIO	LOW
#-------------------------------------------------------
record	calc
operation	record
name	KLYS:$(AREA):$(LOCATION):ACCLSEL_SET_MASK
DESC	Acclerate Select (Set)
INPA	KLYS:$(AREA):$(LOCATION):ACCLSEL_SET
CALC	A << 6
FLNK	KLYS:$(AREA):$(LOCATION):CTRL_ACCLSEL_SET
PRIO	LOW
#-------------------------------------------------------
record	ao
name	KLYS:$(AREA):$(LOCATION):CTRL_ACCLSEL_SET
operation	write
task	0x01
address	1
size	1
DESC	MKSU Control (write)
DTYP	asynInt32
OUT	@asyn($(PORT) $(CHANNEL) $(TIMEOUT))CTRL_ACCLSEL_SET
DOL	KLYS:$(AREA):$(LOCATION):ACCLSEL_SET_MASK
OMSL	closed_loop
PRIO	LOW
#-------------------------------------------------------
# Control Set Register (END)
#-------------------------------------------------------
# Control Reset Register (BEGIN)
#-------------------------------------------------------
# PERMIT_RSET: Reset the PERMIT bit (Bit 0)
#-------------------------------------------------------
record	bo
name	KLYS:$(AREA):$(LOCATION):PERMIT_RSET
operation	record
DESC	Permit set
FLNK	KLYS:$(AREA):$(LOCATION):PERMIT_RSET_MASK
PRIO	LOW
#-------------------------------------------------------
record	calc
operation	record
name	KLYS:$(AREA):$(LOCATION):PERMIT_RSET_MASK
DESC	Clear FADC Latch
INPA	KLYS:$(AREA):$(LOCATION):PERMIT_RSET
CALC	A
FLNK	KLYS:$(AREA):$(LOCATION):CTRL_PERMIT_RSET
PRIO	LOW
#-------------------------------------------------------
record	ao
name	KLYS:$(AREA):$(LOCATION):CTRL_PERMIT_RSET
operation	write
task	0x01
address	2
size	1
DESC	MKSU Control (write)
DTYP	asynInt32
OUT	@asyn($(PORT) $(CHANNEL) $(TIMEOUT))CTRL_PERMIT_RSET
DOL	KLYS:$(AREA):$(LOCATION):PERMIT_RSET_MASK
OMSL	closed_loop
PRIO	LOW
#-------------------------------------------------------
# TREN_RSET: Reset Trigger Enable bit (Bit 1)
#-------------------------------------------------------
record	bo
name	KLYS:$(AREA):$(LOCATION):TREN_RSET
operation	record
DESC	Trigger Enable (Reset)
FLNK	KLYS:$(AREA):$(LOCATION):TREN_RSET_MASK
PRIO	LOW
#-------------------------------------------------------
record	calc
operation	record
name	KLYS:$(AREA):$(LOCATION):TREN_RSET_MASK
DESC	Triggen Enable (Reset)
INPA	KLYS:$(AREA):$(LOCATION):TREN_RSET
CALC	A << 1
FLNK	KLYS:$(AREA):$(LOCATION):CTRL_TREN_RSET
PRIO	LOW
#-------------------------------------------------------
record	ao
name	KLYS:$(AREA):$(LOCATION):CTRL_TREN_RSET
operation	write
task	0x01
address	2
size	1
DESC	MKSU Control (write)
DTYP	asynInt32
OUT	@asyn($(PORT) $(CHANNEL) $(TIMEOUT))CTRL_TREN_RSET
DOL	KLYS:$(AREA):$(LOCATION):TREN_RSET_MASK
OMSL	closed_loop
PRIO	LOW
#-------------------------------------------------------
# CFGD_RSET: Reset Configured bit (Bit 2)
#-------------------------------------------------------
record	bo
name	KLYS:$(AREA):$(LOCATION):CFGD_RSET
operation	record
DESC	Configured (Reset)
FLNK	KLYS:$(AREA):$(LOCATION):CFGD_RSET_MASK
PRIO	LOW
#-------------------------------------------------------
record	calc
operation	record
name	KLYS:$(AREA):$(LOCATION):CFGD_RSET_MASK
DESC	Configured (Reset)
INPA	KLYS:$(AREA):$(LOCATION):CFGD_RSET
CALC	A << 2
FLNK	KLYS:$(AREA):$(LOCATION):CTRL_CFGD_RSET
PRIO	LOW
#-------------------------------------------------------
record	ao
name	KLYS:$(AREA):$(LOCATION):CTRL_CFGD_RSET
operation	write
task	0x01
address	2
size	1
DESC	MKSU Control (write)
DTYP	asynInt32
OUT	@asyn($(PORT) $(CHANNEL) $(TIMEOUT))CTRL_CFGD_RSET
DOL	KLYS:$(AREA):$(LOCATION):CFGD_RSET_MASK
OMSL	closed_loop
PRIO	LOW
#-------------------------------------------------------
# WFTR_RSET: Reset Arm Waveform Trigger bit (Bit 3)
#-------------------------------------------------------
record	bo
name	KLYS:$(AREA):$(LOCATION):WFTR_RSET
operation	record
DESC	Arm Waveform Trig (Reset)
FLNK	KLYS:$(AREA):$(LOCATION):WFTR_RSET_MASK
PRIO	LOW
#-------------------------------------------------------
record	calc
operation	record
name	KLYS:$(AREA):$(LOCATION):WFTR_RSET_MASK
DESC	Arm Waveform Trig (Reset)
INPA	KLYS:$(AREA):$(LOCATION):WFTR_RSET
CALC	A << 3
FLNK	KLYS:$(AREA):$(LOCATION):CTRL_WFTR_RSET
PRIO	LOW
#-------------------------------------------------------
record	ao
name	KLYS:$(AREA):$(LOCATION):CTRL_WFTR_RSET
operation	write
task	0x01
address	2
size	1
DESC	MKSU Control (write)
DTYP	asynInt32
OUT	@asyn($(PORT) $(CHANNEL) $(TIMEOUT))CTRL_WFTR_RSET
DOL	KLYS:$(AREA):$(LOCATION):WFTR_RSET_MASK
OMSL	closed_loop
PRIO	LOW
#-------------------------------------------------------
# AVTR_RSET: Reset Arm Average Trigger bit (Bit 4)
#-------------------------------------------------------
record	bo
name	KLYS:$(AREA):$(LOCATION):AVTR_RSET
operation	record
DESC	Arm Average Trig (Reset)
FLNK	KLYS:$(AREA):$(LOCATION):AVTR_RSET_MASK
PRIO	LOW
#-------------------------------------------------------
record	calc
operation	record
name	KLYS:$(AREA):$(LOCATION):AVTR_RSET_MASK
DESC	Arm Average Trig (Reset)
INPA	KLYS:$(AREA):$(LOCATION):AVTR_RSET
CALC	A << 4
FLNK	KLYS:$(AREA):$(LOCATION):CTRL_AVTR_RSET
PRIO	LOW
#-------------------------------------------------------
record	ao
name	KLYS:$(AREA):$(LOCATION):CTRL_AVTR_RSET
operation	write
task	0x01
address	2
size	1
DESC	MKSU Control (write)
DTYP	asynInt32
OUT	@asyn($(PORT) $(CHANNEL) $(TIMEOUT))CTRL_AVTR_RSET
DOL	KLYS:$(AREA):$(LOCATION):AVTR_RSET_MASK
OMSL	closed_loop
PRIO	LOW
#-------------------------------------------------------
# SELFTRIG_RSET: Self Trigger bit (Bit 5)
#-------------------------------------------------------
record	bo
name	KLYS:$(AREA):$(LOCATION):SELFTRIG_RSET
operation	record
DESC	Self Trigger (Reset)
FLNK	KLYS:$(AREA):$(LOCATION):SELFTRIG_RSET_MASK
PRIO	LOW
#-------------------------------------------------------
record	calc
operation	record
name	KLYS:$(AREA):$(LOCATION):SELFTRIG_RSET_MASK
DESC	Self Trigger (Reset)
INPA	KLYS:$(AREA):$(LOCATION):SELFTRIG_RSET
CALC	A << 5
FLNK	KLYS:$(AREA):$(LOCATION):CTRL_SELFTRIG_RSET
PRIO	LOW
#-------------------------------------------------------
record	ao
name	KLYS:$(AREA):$(LOCATION):CTRL_SELFTRIG_RSET
operation	write
task	0x01
address	2
size	1
DESC	MKSU Control (write)
DTYP	asynInt32
OUT	@asyn($(PORT) $(CHANNEL) $(TIMEOUT))CTRL_SELFTRIG_RSET
DOL	KLYS:$(AREA):$(LOCATION):SELFTRIG_RSET_MASK
OMSL	closed_loop
PRIO	LOW
#-------------------------------------------------------
# ACCLSEL_RSET: Accelerate Select bit (Bit 6)
#-------------------------------------------------------
record	bo
name	KLYS:$(AREA):$(LOCATION):ACCLSEL_RSET
operation	record
DESC	Accelerate Select (Reset)
FLNK	KLYS:$(AREA):$(LOCATION):ACCLSEL_RSET_MASK
PRIO	LOW
#-------------------------------------------------------
record	calc
operation	record
name	KLYS:$(AREA):$(LOCATION):ACCLSEL_RSET_MASK
DESC	Accelerate Select (Reset)
INPA	KLYS:$(AREA):$(LOCATION):ACCLSEL_RSET
CALC	A << 6
FLNK	KLYS:$(AREA):$(LOCATION):CTRL_ACCLSEL_RSET
PRIO	LOW
#-------------------------------------------------------
record	ao
name	KLYS:$(AREA):$(LOCATION):CTRL_ACCLSEL_RSET
operation	write
task	0x01
address	2
size	1
DESC	MKSU Control (write)
DTYP	asynInt32
OUT	@asyn($(PORT) $(CHANNEL) $(TIMEOUT))CTRL_ACCLSEL_RSET
DOL	KLYS:$(AREA):$(LOCATION):ACCLSEL_RSET_MASK
OMSL	closed_loop
PRIO	LOW
#-------------------------------------------------------
# Control Reset Register (END)
#-------------------------------------------------------
# Modulator State Register (BEGIN)
#-------------------------------------------------------
# MOD_SET: Modulator State Set (Bits 0-3)
#-------------------------------------------------------
record	mbbo
name	KLYS:$(AREA):$(LOCATION):MOD_SET
operation	write
task	0x01
address	3
size	1
DESC	Modulator State (Set)
DTYP	asynInt32
OUT	@asyn($(PORT) $(CHANNEL) $(TIMEOUT))MOD_SET
ONVL	1
TWVL	2
THVL	3
FRVL	4
ONST	Accelerate
TWST	Stand By
THST	Offline
FRST	Maintenance
PRIO	LOW
#-------------------------------------------------------
# Modulator State Register (END)
#=======================================================
#
# CONTROL BLOCK (READ)
#
# The status register is read in the STATUS record,
# which FLNKs to calc records to extract individual
# bits, identified by the bi records
#
#=======================================================
# Status Register (BEGIN)
#-------------------------------------------------------
record	ai
name	KLYS:$(AREA):$(LOCATION):STATUS
operation	read
task	0x41
address	0
size	1
DESC	MKSU Status
DTYP	asynInt32
INP	@asyn($(PORT) $(CHANNEL) $(TIMEOUT))STATUS
FLNK	KLYS:$(AREA):$(LOCATION):PERMIT_MASK
SCAN	$(SCAN)
PRIO	LOW
#-------------------------------------------------------
# PERMIT: Permit (Bit 0)
#-------------------------------------------------------
record	calc
operation	record
name	KLYS:$(AREA):$(LOCATION):PERMIT_MASK
DESC	Permit Status
INPA	KLYS:$(AREA):$(LOCATION):STATUS
CALC	A & (1 << 0)
FLNK	KLYS:$(AREA):$(LOCATION):PERMIT
PRIO	LOW
#-------------------------------------------------------
record	bi
name	KLYS:$(AREA):$(LOCATION):PERMIT
operation	record
DESC	Permit Status
INP	KLYS:$(AREA):$(LOCATION):PERMIT_MASK
ZNAM	No Permit
ONAM	Permit
FLNK	KLYS:$(AREA):$(LOCATION):TREN_MASK
PRIO	LOW
#-------------------------------------------------------
# TREN: Trigger Enable (Bit 1)
#-------------------------------------------------------
record	calc
operation	record
name	KLYS:$(AREA):$(LOCATION):TREN_MASK
DESC	Trigger Enable Status
INPA	KLYS:$(AREA):$(LOCATION):STATUS
CALC	(A & (1 << 1)) >> 1
PRIO	LOW
FLNK	KLYS:$(AREA):$(LOCATION):TREN
#-------------------------------------------------------
record	bi
name	KLYS:$(AREA):$(LOCATION):TREN
operation	record
DESC	Trigger Enable Status
INP	KLYS:$(AREA):$(LOCATION):TREN_MASK
ZNAM	Not Enabled
ONAM	Enabled
FLNK	KLYS:$(AREA):$(LOCATION):CFGD_MASK
PRIO	LOW
#-------------------------------------------------------
# CFGD: Configured (Bit 2)
#-------------------------------------------------------
record	calc
operation	record
name	KLYS:$(AREA):$(LOCATION):CFGD_MASK
DESC	Configured Status
INPA	KLYS:$(AREA):$(LOCATION):STATUS
CALC	(A & (1 << 2)) >> 2
FLNK	KLYS:$(AREA):$(LOCATION):CFGD
PRIO	LOW
#-------------------------------------------------------
record	bi
name	KLYS:$(AREA):$(LOCATION):CFGD
operation	record
DESC	Configured Status
INP	KLYS:$(AREA):$(LOCATION):CFGD_MASK
ZNAM	Not Configured
ONAM	Configured
FLNK	KLYS:$(AREA):$(LOCATION):RATE119_MASK
PRIO	LOW
#-------------------------------------------------------
# MOD: Modulator State (Bit 3, 4 & 5)
# Duplicate (see Modulator State Register)
#-------------------------------------------------------
#-------------------------------------------------------
# RATE119: 119MHz or 125MHz Present (Bit 6)
#-------------------------------------------------------
record	calc
operation	record
name	KLYS:$(AREA):$(LOCATION):RATE119_MASK
DESC	119MHz Present
INPA	KLYS:$(AREA):$(LOCATION):STATUS
CALC	(A & (1 << 6)) >> 6
FLNK	KLYS:$(AREA):$(LOCATION):RATE119
#-------------------------------------------------------
record	bi
name	KLYS:$(AREA):$(LOCATION):RATE119
operation	record
DESC	119MHz Present
INP	KLYS:$(AREA):$(LOCATION):RATE119_MASK
ZNAM	125MHz
ONAM	119MHz
FLNK	KLYS:$(AREA):$(LOCATION):CLCKD_MASK
PRIO	LOW
#-------------------------------------------------------
# CLCKD: SysClock PLL Locked (Bit 7)
#-------------------------------------------------------
record	calc
operation	record
name	KLYS:$(AREA):$(LOCATION):CLCKD_MASK
DESC	Sys Clck PLL Lckd
INPA	KLYS:$(AREA):$(LOCATION):STATUS
CALC	(A & (1 << 7)) >> 7
FLNK	KLYS:$(AREA):$(LOCATION):CLCKD
PRIO	LOW
#-------------------------------------------------------
record	bi
name	KLYS:$(AREA):$(LOCATION):CLCKD
operation	record
DESC	Sys Clck PLL Lckd
INP	KLYS:$(AREA):$(LOCATION):CLCKD_MASK
ZNAM	Not Locked
ONAM	Locked
FLNK	KLYS:$(AREA):$(LOCATION):LOCAL_MASK
#-------------------------------------------------------
# LOCAL: Local Mode (Bit 8)
#-------------------------------------------------------
record	calc
operation	record
name	KLYS:$(AREA):$(LOCATION):LOCAL_MASK
DESC	Local Mode
INPA	KLYS:$(AREA):$(LOCATION):STATUS
CALC	(A & (1 << 8)) >> 8
FLNK	KLYS:$(AREA):$(LOCATION):LOCAL
PRIO	LOW
#-------------------------------------------------------
record	bi
name	KLYS:$(AREA):$(LOCATION):LOCAL
operation	record
DESC	Local Mode
INP	KLYS:$(AREA):$(LOCATION):LOCAL_MASK
ZNAM	Remote
ONAM	Local
FLNK	KLYS:$(AREA):$(LOCATION):FCLCKD_MASK
PRIO	LOW
#-------------------------------------------------------
# FCLCKD: FAST ADC Data Clock PLL Locked (Bit 9)
#-------------------------------------------------------
record	calc
operation	record
name	KLYS:$(AREA):$(LOCATION):FCLCKD_MASK
DESC	FADC Clck PLL Lckd
INPA	KLYS:$(AREA):$(LOCATION):STATUS
CALC	(A & (1 << 9)) >> 9
FLNK	KLYS:$(AREA):$(LOCATION):FCLCKD
#-------------------------------------------------------
record	bi
name	KLYS:$(AREA):$(LOCATION):FCLCKD
operation	record
DESC	FADC Clck PLL Lckd
INP	KLYS:$(AREA):$(LOCATION):FCLCKD_MASK
ZNAM	Not Locked
ONAM	Locked
FLNK	KLYS:$(AREA):$(LOCATION):CLCKDL_MASK
PRIO	LOW
#-------------------------------------------------------
# CLCKDL: Sys Clock PLL Not Locked Latch (Bit 10)
#-------------------------------------------------------
record	calc
operation	record
name	KLYS:$(AREA):$(LOCATION):CLCKDL_MASK
DESC	Clck PLL Not Lckd Latch
INPA	KLYS:$(AREA):$(LOCATION):STATUS
CALC	(A & (1 << 10)) >> 10
FLNK	KLYS:$(AREA):$(LOCATION):CLCKDL
PRIO	LOW
#-------------------------------------------------------
record	bi
name	KLYS:$(AREA):$(LOCATION):CLCKDL
operation	record
DESC	Clkc PLL Not Lckd Latch
INP	KLYS:$(AREA):$(LOCATION):CLCKDL_MASK
ZNAM	Not Latch
ONAM	Latch
FLNK	KLYS:$(AREA):$(LOCATION):FCLCKDL_MASK
PRIO	LOW
#-------------------------------------------------------
# FCLCKDL: FAST ADC Data Clock PLL Not Locked Latch (Bit 11)
#-------------------------------------------------------
record	calc
operation	record
name	KLYS:$(AREA):$(LOCATION):FCLCKDL_MASK
DESC	FADC PLL Not Lckd Latch
INPA	KLYS:$(AREA):$(LOCATION):STATUS
CALC	(A & (1 << 11)) >> 11
FLNK	KLYS:$(AREA):$(LOCATION):FCLCKDL
PRIO	LOW
#-------------------------------------------------------
record	bi
name	KLYS:$(AREA):$(LOCATION):FCLCKDL
operation	record
DESC	Clkc PLL Locked Latch
INP	KLYS:$(AREA):$(LOCATION):FCLCKDL_MASK
ZNAM	Not Latch
ONAM	Latch
PRIO	LOW
#-------------------------------------------------------
# Status Register (END)
#=======================================================
# Control Register (BEGIN)
#-------------------------------------------------------
record	ai
name	KLYS:$(AREA):$(LOCATION):CTRL
operation	read
task	0x41
address	1
size	1
DESC	MKSU Control
DTYP	asynInt32
INP	@asyn($(PORT) $(CHANNEL) $(TIMEOUT))CTRL
FLNK	KLYS:$(AREA):$(LOCATION):CTRL_WFTR_MASK
SCAN	$(SCAN)
PRIO	LOW
#-------------------------------------------------------
# WFTR: Arm Waveform Trigger (Bit 3)
#-------------------------------------------------------
record	calc
operation	record
name	KLYS:$(AREA):$(LOCATION):CTRL_WFTR_MASK
DESC	Arm Waveform Trigger
INPA	KLYS:$(AREA):$(LOCATION):CTRL
CALC	(A & (1 << 3)) >> 3
FLNK	KLYS:$(AREA):$(LOCATION):WFTR
PRIO	LOW
#-------------------------------------------------------
record	bi
name	KLYS:$(AREA):$(LOCATION):WFTR
operation	record
DESC	Arm Waveform Trigger
INP	KLYS:$(AREA):$(LOCATION):CTRL_WFTR_MASK
ZNAM	No
ONAM	Yes
FLNK	KLYS:$(AREA):$(LOCATION):CTRL_AVTR_MASK
PRIO	LOW
#-------------------------------------------------------
# AVTR: Arm Average Trigger (Bit 4)
#-------------------------------------------------------
record	calc
operation	record
name	KLYS:$(AREA):$(LOCATION):CTRL_AVTR_MASK
DESC	Arm Waveform Trigger
INPA	KLYS:$(AREA):$(LOCATION):CTRL
CALC	(A & (1 << 4)) >> 4
FLNK	KLYS:$(AREA):$(LOCATION):AVTR
PRIO	LOW
#-------------------------------------------------------
record	bi
name	KLYS:$(AREA):$(LOCATION):AVTR
operation	record
DESC	Arm Waveform Trigger
INP	KLYS:$(AREA):$(LOCATION):CTRL_AVTR_MASK
FLNK	KLYS:$(AREA):$(LOCATION):CTRL_SELFTRIG_MASK
ZNAM	No
ONAM	Yes
PRIO	LOW
#-------------------------------------------------------
# SELFTRIG: Internal Trigger Status (Bit 5)
#-------------------------------------------------------
record	calc
operation	record
name	KLYS:$(AREA):$(LOCATION):CTRL_SELFTRIG_MASK
DESC	Internal Trigger Status
INPA	KLYS:$(AREA):$(LOCATION):CTRL
CALC	(A & (1 << 5)) >> 5
FLNK	KLYS:$(AREA):$(LOCATION):SELFTRIG
PRIO	LOW
#-------------------------------------------------------
record	bi
name	KLYS:$(AREA):$(LOCATION):SELFTRIG
operation	record
DESC	Internal Trigger Status
INP	KLYS:$(AREA):$(LOCATION):CTRL_SELFTRIG_MASK
FLNK	KLYS:$(AREA):$(LOCATION):CTRL_ACCLSEL_MASK
ZNAM	No
ONAM	Yes
PRIO	LOW
#-------------------------------------------------------
# ACCLSEL: Accelerate Select Status (Bit 6)
#-------------------------------------------------------
record	calc
operation	record
name	KLYS:$(AREA):$(LOCATION):CTRL_ACCLSEL_MASK
DESC	Accelerate Select
INPA	KLYS:$(AREA):$(LOCATION):CTRL
CALC	(A & (1 << 6)) >> 6
FLNK	KLYS:$(AREA):$(LOCATION):ACCLSEL
PRIO	LOW
#-------------------------------------------------------
record	bi
name	KLYS:$(AREA):$(LOCATION):ACCLSEL
operation	record
DESC	Accelerate Select
INP	KLYS:$(AREA):$(LOCATION):CTRL_ACCLSEL_MASK
ZNAM	Standby Trigger
ONAM	Accelerate Trigger
PRIO	LOW
#-------------------------------------------------------
# Control Register (END)
#-------------------------------------------------------
# Modulator State Register (BEGIN)
#-------------------------------------------------------
# MOD: Modulator State Set (Bits 0-3)
#-------------------------------------------------------
record	mbbi
name	KLYS:$(AREA):$(LOCATION):MOD
operation	write
task	0x41
address	2
size	1
DESC	Modulator State (Read)
DTYP	asynInt32
INP	@asyn($(PORT) $(CHANNEL) $(TIMEOUT))MOD
ONVL	1
TWVL	2
THVL	3
FRVL	4
ONST	Accelerate
TWST	Stand By
THST	Offline
FRST	Maintenance
PRIO	LOW
SCAN	$(SCAN)
#-------------------------------------------------------
# Modulator State Register (END)
#-------------------------------------------------------
