#=======================================================
#
# MAGNET INTERFACE BLOCK (WRITE)
#
#=======================================================
# MGNT Status Register (BEGIN)
#-------------------------------------------------------
# No bit to be written
#-------------------------------------------------------
# MGNT Status Register (END)
#-------------------------------------------------------
#-------------------------------------------------------
# MGNT Test Set Register (BEGIN)
#-------------------------------------------------------
# MGNT_BRKR_TST_SET: Magnet Breaker Test (Bit 0)
#-------------------------------------------------------
record	bo
name	KLYS:$(AREA):$(LOCATION):MGNT_BRKR_TST_SET
operation	record
DESC	Magnet Breaker Test
FLNK	KLYS:$(AREA):$(LOCATION):MGNT_BRKR_TST_SET_MASK
PRIO	LOW
#-------------------------------------------------------
record	calc
operation	record
name	KLYS:$(AREA):$(LOCATION):MGNT_BRKR_TST_SET_MASK
DESC	Magnet Breaker Test
INPA	KLYS:$(AREA):$(LOCATION):MGNT_BRKR_TST_SET
CALC	A
FLNK	KLYS:$(AREA):$(LOCATION):CTRL_MGNT_BRKR_TST_SET
PRIO	LOW
#-------------------------------------------------------
record	ao
name	KLYS:$(AREA):$(LOCATION):CTRL_MGNT_BRKR_TST_SET
operation	write
task	0x14
address	3
size	1
DESC	MGNT Test (write)
DTYP	asynInt32
OUT	@asyn($(PORT) $(CHANNEL) $(TIMEOUT))CTRL_MGNT_BRKR_TST_SET
DOL	KLYS:$(AREA):$(LOCATION):MGNT_BRKR_TST_SET_MASK
OMSL	closed_loop
PRIO	LOW
#-------------------------------------------------------
# MGNT_CURR_TST_SET: Magnet Current Ok Test (Bit 1)
#-------------------------------------------------------
record	bo
name	KLYS:$(AREA):$(LOCATION):MGNT_CURR_TST_SET
operation	record
DESC	Magnet Current Ok Test
FLNK	KLYS:$(AREA):$(LOCATION):MGNT_CURR_TST_SET_MASK
PRIO	LOW
#-------------------------------------------------------
record	calc
operation	record
name	KLYS:$(AREA):$(LOCATION):MGNT_CURR_TST_SET_MASK
DESC	Magnet Current Ok Test
INPA	KLYS:$(AREA):$(LOCATION):MGNT_CURR_TST_SET
CALC	A << 1
FLNK	KLYS:$(AREA):$(LOCATION):CTRL_MGNT_CURR_TST_SET
PRIO	LOW
#-------------------------------------------------------
record	ao
name	KLYS:$(AREA):$(LOCATION):CTRL_MGNT_CURR_TST_SET
operation	write
task	0x14
address	3
size	1
DESC	MGNT Test (write)
DTYP	asynInt32
OUT	@asyn($(PORT) $(CHANNEL) $(TIMEOUT))CTRL_MGNT_CURR_TST_SET
DOL	KLYS:$(AREA):$(LOCATION):MGNT_CURR_TST_SET_MASK
OMSL	closed_loop
PRIO	LOW
#-------------------------------------------------------
# MGNT_CILK_TST_SET: Magnet Current Ok Test (Bit 2)
#-------------------------------------------------------
record	bo
name	KLYS:$(AREA):$(LOCATION):MGNT_CILK_TST_SET
operation	record
DESC	Magnet Current Ok Test
FLNK	KLYS:$(AREA):$(LOCATION):MGNT_CILK_TST_SET_MASK
PRIO	LOW
#-------------------------------------------------------
record	calc
operation	record
name	KLYS:$(AREA):$(LOCATION):MGNT_CILK_TST_SET_MASK
DESC	Magnet Current Ok Test
INPA	KLYS:$(AREA):$(LOCATION):MGNT_CILK_TST_SET
CALC	A << 2
FLNK	KLYS:$(AREA):$(LOCATION):CTRL_MGNT_CILK_TST_SET
PRIO	LOW
#-------------------------------------------------------
record	ao
name	KLYS:$(AREA):$(LOCATION):CTRL_MGNT_CILK_TST_SET
operation	write
task	0x14
address	3
size	1
DESC	MGNT Test (write)
DTYP	asynInt32
OUT	@asyn($(PORT) $(CHANNEL) $(TIMEOUT))CTRL_MGNT_CILK_TST_SET
DOL	KLYS:$(AREA):$(LOCATION):MGNT_CILK_TST_SET_MASK
OMSL	closed_loop
PRIO	LOW
#-------------------------------------------------------
# MGNT Test Set Register (END)
#-------------------------------------------------------
# MGNT Test Reset Register (BEGIN)
#-------------------------------------------------------
# MGNT_BRKR_TST_RESET: Magnet Breaker Test (Bit 0)
#-------------------------------------------------------
record	bo
name	KLYS:$(AREA):$(LOCATION):MGNT_BRKR_TST_RESET
operation	record
DESC	Magnet Breaker Test
FLNK	KLYS:$(AREA):$(LOCATION):MGNT_BRKR_TST_RESET_MASK
PRIO	LOW
#-------------------------------------------------------
record	calc
operation	record
name	KLYS:$(AREA):$(LOCATION):MGNT_BRKR_TST_RESET_MASK
DESC	Magnet Breaker Test
INPA	KLYS:$(AREA):$(LOCATION):MGNT_BRKR_TST_RESET
CALC	A
FLNK	KLYS:$(AREA):$(LOCATION):CTRL_MGNT_BRKR_TST_RESET
PRIO	LOW
#-------------------------------------------------------
record	ao
name	KLYS:$(AREA):$(LOCATION):CTRL_MGNT_BRKR_TST_RESET
operation	write
task	0x14
address	4
size	1
DESC	MGNT Test (write)
DTYP	asynInt32
OUT	@asyn($(PORT) $(CHANNEL) $(TIMEOUT))CTRL_MGNT_BRKR_TST_RESET
DOL	KLYS:$(AREA):$(LOCATION):MGNT_BRKR_TST_RESET_MASK
OMSL	closed_loop
PRIO	LOW
#-------------------------------------------------------
# MGNT_CURR_TST_RESET: Magnet Current Ok Test (Bit 1)
#-------------------------------------------------------
record	bo
name	KLYS:$(AREA):$(LOCATION):MGNT_CURR_TST_RESET
operation	record
DESC	Magnet Current Ok Test
FLNK	KLYS:$(AREA):$(LOCATION):MGNT_CURR_TST_RESET_MASK
PRIO	LOW
#-------------------------------------------------------
record	calc
operation	record
name	KLYS:$(AREA):$(LOCATION):MGNT_CURR_TST_RESET_MASK
DESC	Magnet Current Ok Test
INPA	KLYS:$(AREA):$(LOCATION):MGNT_CURR_TST_RESET
CALC	A << 1
FLNK	KLYS:$(AREA):$(LOCATION):CTRL_MGNT_CURR_TST_RESET
PRIO	LOW
#-------------------------------------------------------
record	ao
name	KLYS:$(AREA):$(LOCATION):CTRL_MGNT_CURR_TST_RESET
operation	write
task	0x14
address	4
size	1
DESC	MGNT Test (write)
DTYP	asynInt32
OUT	@asyn($(PORT) $(CHANNEL) $(TIMEOUT))CTRL_MGNT_CURR_TST_RESET
DOL	KLYS:$(AREA):$(LOCATION):MGNT_CURR_TST_RESET_MASK
OMSL	closed_loop
PRIO	LOW
#-------------------------------------------------------
# MGNT_CILK_TST_RESET: Magnet Curr Interlock Test (Bit 2)
#-------------------------------------------------------
record	bo
name	KLYS:$(AREA):$(LOCATION):MGNT_CILK_TST_RESET
operation	record
DESC	Magnet Curr Interlock Test
FLNK	KLYS:$(AREA):$(LOCATION):MGNT_CILK_TST_RESET_MASK
PRIO	LOW
#-------------------------------------------------------
record	calc
operation	record
name	KLYS:$(AREA):$(LOCATION):MGNT_CILK_TST_RESET_MASK
DESC	Magnet Curr Interlock Test
INPA	KLYS:$(AREA):$(LOCATION):MGNT_CILK_TST_RESET
CALC	A << 1
FLNK	KLYS:$(AREA):$(LOCATION):CTRL_MGNT_CILK_TST_RESET
PRIO	LOW
#-------------------------------------------------------
record	ao
name	KLYS:$(AREA):$(LOCATION):CTRL_MGNT_CILK_TST_RESET
operation	write
task	0x14
address	4
size	1
DESC	MGNT Test (write)
DTYP	asynInt32
OUT	@asyn($(PORT) $(CHANNEL) $(TIMEOUT))CTRL_MGNT_CILK_TST_RESET
DOL	KLYS:$(AREA):$(LOCATION):MGNT_CILK_TST_RESET_MASK
OMSL	closed_loop
PRIO	LOW
#-------------------------------------------------------
# MGNT Test Reset Register (END)
#=======================================================
#
# MGNT INTERFACE BLOCK (READ)
#
#=======================================================
# MGNT Status Register (BEGIN)
#-------------------------------------------------------
record	ai
name	KLYS:$(AREA):$(LOCATION):MGNT_STATUS
operation	read
task	0x54
address	0
size	1
DESC	Waveguide Vacuum Status
DTYP	asynInt32
INP	@asyn($(PORT) $(CHANNEL) $(TIMEOUT))MGNT_STATUS
FLNK	KLYS:$(AREA):$(LOCATION):MGNT_BRKR_MASK
SCAN	$(SCAN)
PRIO	LOW
#-------------------------------------------------------
# MGNT_BRKR: Magnet Breaker (Bit 0)
#-------------------------------------------------------
record	calc
operation	record
name	KLYS:$(AREA):$(LOCATION):MGNT_BRKR_MASK
DESC	Magnet Breaker
INPA	KLYS:$(AREA):$(LOCATION):MGNT_STATUS
CALC	A & (1 << 0)
FLNK	KLYS:$(AREA):$(LOCATION):MGNT_BRKR
PRIO	LOW
#-------------------------------------------------------
record	bi
name	KLYS:$(AREA):$(LOCATION):MGNT_BRKR
operation	record
DESC	Magnet Breaker
INP	KLYS:$(AREA):$(LOCATION):MGNT_BRKR_MASK
ZNAM	No
ONAM	Yes
FLNK	KLYS:$(AREA):$(LOCATION):MGNT_CURR_MASK
PRIO	LOW
#-------------------------------------------------------
# MGNT_CURR: Magnet Current (Bit 1)
#-------------------------------------------------------
record	calc
operation	record
name	KLYS:$(AREA):$(LOCATION):MGNT_CURR_MASK
DESC	Magnet Current
INPA	KLYS:$(AREA):$(LOCATION):MGNT_STATUS
CALC	(A & (1 << 1)) >> 1
FLNK	KLYS:$(AREA):$(LOCATION):MGNT_CURR
PRIO	LOW
#-------------------------------------------------------
record	bi
name	KLYS:$(AREA):$(LOCATION):MGNT_CURR
operation	record
DESC	Magnet Current
INP	KLYS:$(AREA):$(LOCATION):MGNT_CURR_MASK
ZNAM	No
ONAM	Yes
PRIO	LOW
#-------------------------------------------------------
# MGNT_CILK: Magnet Curr Interlock (Bit 2)
#-------------------------------------------------------
record	calc
operation	record
name	KLYS:$(AREA):$(LOCATION):MGNT_CILK_MASK
DESC	Magnet Curr Interlock
INPA	KLYS:$(AREA):$(LOCATION):MGNT_STATUS
CALC	(A & (1 << 2)) >> 2
FLNK	KLYS:$(AREA):$(LOCATION):MGNT_CILK
PRIO	LOW
#-------------------------------------------------------
record	bi
name	KLYS:$(AREA):$(LOCATION):MGNT_CILK
operation	record
DESC	Magnet Curr Interlock
INP	KLYS:$(AREA):$(LOCATION):MGNT_CILK_MASK
ZNAM	No
ONAM	Yes
PRIO	LOW
#-------------------------------------------------------
# MGNT Status Register (END)
#=======================================================
# MGNT Control Register (BEGIN)
#-------------------------------------------------------
# Empty
#-------------------------------------------------------
# MGNT Control Register (END)
#-------------------------------------------------------
# MGNT Test Register (BEGIN)
#-------------------------------------------------------
record	ai
name	KLYS:$(AREA):$(LOCATION):MGNT_TEST
operation	read
task	0x54
address	2
size	1
DESC	MGNT Test Status
DTYP	asynInt32
INP	@asyn($(PORT) $(CHANNEL) $(TIMEOUT))MGNT_TEST
FLNK	KLYS:$(AREA):$(LOCATION):MGNT_BRKR_TST_MASK
SCAN	$(SCAN)
PRIO	LOW
#-------------------------------------------------------
# MGNT_BRKR_TST: Magnet Breaker (Bit 0)
#-------------------------------------------------------
record	calc
operation	record
name	KLYS:$(AREA):$(LOCATION):MGNT_BRKR_TST_MASK
DESC	Magnet Breaker
INPA	KLYS:$(AREA):$(LOCATION):MGNT_TEST
CALC	A & (1 << 0)
FLNK	KLYS:$(AREA):$(LOCATION):MGNT_BRKR_TST
PRIO	LOW
#-------------------------------------------------------
record	bi
name	KLYS:$(AREA):$(LOCATION):MGNT_BRKR_TST
operation	record
DESC	Magnet Breaker
INP	KLYS:$(AREA):$(LOCATION):MGNT_BRKR_TST_MASK
ZNAM	No
ONAM	Yes
FLNK	KLYS:$(AREA):$(LOCATION):MGNT_CURR_TST_MASK
PRIO	LOW
#-------------------------------------------------------
# MGNT_CURR_TST: Magnet Current (Bit 1)
#-------------------------------------------------------
record	calc
operation	record
name	KLYS:$(AREA):$(LOCATION):MGNT_CURR_TST_MASK
DESC	Magnet Current
INPA	KLYS:$(AREA):$(LOCATION):MGNT_TEST
CALC	(A & (1 << 1)) >> 1
FLNK	KLYS:$(AREA):$(LOCATION):MGNT_CURR_TST
PRIO	LOW
#-------------------------------------------------------
record	bi
name	KLYS:$(AREA):$(LOCATION):MGNT_CURR_TST
operation	record
DESC	Magnet Current
INP	KLYS:$(AREA):$(LOCATION):MGNT_CURR_TST_MASK
ZNAM	No
ONAM	Yes
PRIO	LOW
#-------------------------------------------------------
# MGNT_CILK_TST: Magnet Curr Interlock (Bit 2)
#-------------------------------------------------------
record	calc
operation	record
name	KLYS:$(AREA):$(LOCATION):MGNT_CILK_TST_MASK
DESC	Magnet Curr Interlock
INPA	KLYS:$(AREA):$(LOCATION):MGNT_TEST
CALC	(A & (1 << 2)) >> 2
FLNK	KLYS:$(AREA):$(LOCATION):MGNT_CILK_TST
PRIO	LOW
#-------------------------------------------------------
record	bi
name	KLYS:$(AREA):$(LOCATION):MGNT_CILK_TST
operation	record
DESC	Magnet Curr Interlock
INP	KLYS:$(AREA):$(LOCATION):MGNT_CILK_TST_MASK
ZNAM	No
ONAM	Yes
PRIO	LOW
#-------------------------------------------------------
# MGNT Test Register (END)
#-------------------------------------------------------
